<html>
<body>
<pre>
<h1>µVision Build Log</h1>
<h2>Tool Versions:</h2>
IDE-Version: ¦ÌVision V5.25.2.0
Copyright (C) 2018 ARM Ltd and ARM Germany GmbH. All rights reserved.
License Information: 1 Administrator, 1, LIC=LSNY8-34DUR-EV21R-KGM1A-42UWX-HHLUR
 
Tool Versions:
Toolchain:       MDK-ARM Plus  Version: 5.25.2.0
Toolchain Path:  D:\programmer\Keil_v5\ARM\ARMCC\Bin
C Compiler:      Armcc.exe V5.06 update 6 (build 750)
Assembler:       Armasm.exe V5.06 update 6 (build 750)
Linker/Locator:  ArmLink.exe V5.06 update 6 (build 750)
Library Manager: ArmAr.exe V5.06 update 6 (build 750)
Hex Converter:   FromElf.exe V5.06 update 6 (build 750)
CPU DLL:         SARMCM3.DLL V5.25.2.0
Dialog DLL:      DCM.DLL V1.17.1.0
Target DLL:      STLink\ST-LINKIII-KEIL_SWO.dll V3.0.1.0
Dialog DLL:      TCM.DLL V1.35.1.0
 
<h2>Project:</h2>
C:\Users\Administrator\Desktop\stm32  XL430 driver\USER\USART.uvprojx
Project File Date:  01/27/2020

<h2>Output:</h2>
*** Using Compiler 'V5.06 update 6 (build 750)', folder: 'D:\programmer\Keil_v5\ARM\ARMCC\Bin'
Build target 'USART'
compiling main.c...
compiling key.c...
compiling usart.c...
compiling server_inst.c...
..\SYSTEM\server_inst\server_inst.c(120): warning:  #223-D: function "fabs" declared implicitly
  		if(fabs(vel)>vLim)
..\SYSTEM\server_inst\server_inst.c: 1 warning, 0 errors
compiling stm32f4xx_it.c...
stm32f4xx_it.c(159): warning:  #550-D: variable "rc_tmp"  was set but never used
  	uint8_t rc_tmp;
stm32f4xx_it.c(160): warning:  #550-D: variable "rc_len"  was set but never used
  	uint16_t rc_len;
stm32f4xx_it.c(194): warning:  #550-D: variable "rc_tmp"  was set but never used
  	uint8_t rc_tmp;
stm32f4xx_it.c: 3 warnings, 0 errors
compiling server.c...
linking...
Program Size: Code=6364 RO-data=936 RW-data=28 ZI-data=5444  
FromELF: creating hex file...
"..\OBJ\USART.axf" - 0 Error(s), 4 Warning(s).

<h2>Software Packages used:</h2>

Package Vendor: Keil
                http://www.keil.com/pack/Keil.STM32F4xx_DFP.2.13.0.pack
                Keil.STM32F4xx_DFP.2.13.0
                STMicroelectronics STM32F4 Series Device Support, Drivers and Examples

<h2>Collection of Component include folders:</h2>
  .\RTE\_USART
  D:\programmer\Keil_v5\ARM\PACK\Keil\STM32F4xx_DFP\2.13.0\Drivers\CMSIS\Device\ST\STM32F4xx\Include

<h2>Collection of Component Files used:</h2>
Build Time Elapsed:  00:00:03
</pre>
</body>
</html>
